{
    "type": "https://tools.ietf.org/html/rfc2616#section-10",
    "title": "An error occurred",
    "detail": "email: Please enter your email.\npassword: Please enter your password.\npassword: Password must be at least 4 characters long.",
    "violations": [
        {
            "propertyPath": "email",
            "message": "Please enter your email."
        },
        {
            "propertyPath": "password",
            "message": "Please enter your password."
        },
        {
            "propertyPath": "password",
            "message": "Password must be at least 4 characters long."
        }
    ]
}
