{
    "type": "https://tools.ietf.org/html/rfc2616#section-10",
    "title": "An error occurred",
    "detail": "email: Please enter your email.",
    "violations": [
        {
            "propertyPath": "email",
            "message": "Please enter your email."
        }
    ]
}
