{
    "type": "https://tools.ietf.org/html/rfc2616#section-10",
    "title": "An error occurred",
    "detail": "password: This value should not be blank.",
    "violations": [
        {
            "propertyPath": "password",
            "message": "This value should not be blank."
        }
    ]
}
