{
    "code": 404,
    "message": "Token not found."
}
