{
    "code": 400,
    "message": "Token expired."
}
